// Jest Snapshot v1, https://goo.gl/fbAQLP

exports[`#render shows the sticky navbar after scrolling 1`] = `
<Styled(header)>
  <Styled(div)>
    <Logo
      height={49}
      width={58}
    />
    <h1>
      Legislated
    </h1>
  </Styled(div)>
  <HeaderNavbar
    isSticky={true}
    navbarRef={[Function]}
  />
</Styled(header)>
`;
