// Jest Snapshot v1, https://goo.gl/fbAQLP

exports[`#render shows the home footer 1`] = `
<Footer>
  <Background>
    <Content>
      <img
        alt="Quill Logo"
        height={25}
        src="http://website.com/image.png"
        style={
          Object {
            "height": 25,
            "width": 77,
          }
        }
        width={77}
      />
      <h3>
        Non-partisan, educational, accessible
      </h3>
      <p>
        Legislated is a non-profit organization started at Chi Hack Night by a dedicated group of volunteers.
      </p>
    </Content>
  </Background>
</Footer>
`;
