// Jest Snapshot v1, https://goo.gl/fbAQLP

exports[`#render shows the home scene 1`] = `
<Styled(section)>
  <HomeIntro />
  <BillSearch
    onFilter={[Function]}
    viewer="test-viewer"
  />
  <Styled(Button)
    isSecondary={true}
    onClick={[Function]}
  >
    View All Bills
  </Styled(Button)>
</Styled(section)>
`;
