// Jest Snapshot v1, https://goo.gl/fbAQLP

exports[`#render shows a route link with a relative url 1`] = `
<Link
  className="css-1pr9zjd test-class"
  replace={false}
  to="/bills"
>
  test-children
</Link>
`;

exports[`#render shows an anchor with an absolute url 1`] = `
<a
  className="css-1pr9zjd test-class"
  href="http://www.test.com"
  target="_blank"
>
  test-children
</a>
`;
