// Jest Snapshot v1, https://goo.gl/fbAQLP

exports[`#render removes obsolete steps 1`] = `
<Styled(div)>
  <Styled(div)
    isActive={true}
  />
  <Styled(span)
    isActive={true}
    key="test-id-status-segment-0"
  >
    House
  </Styled(span)>
  <Styled(div)
    isActive={false}
    key="test-id-status-segment-1"
  />
  <Styled(span)
    isActive={false}
    key="test-id-status-segment-2"
  >
    Senate
  </Styled(span)>
  <Styled(div)
    isActive={false}
    key="test-id-status-segment-3"
  />
  <Styled(span)
    isActive={false}
    key="test-id-status-segment-4"
  >
    Governor
  </Styled(span)>
  <Styled(div)
    isActive={false}
    key="test-id-status-segment-5"
  />
</Styled(div)>
`;

exports[`#render shows the status 1`] = `
<Styled(div)>
  <Styled(div)
    isActive={true}
  />
  <Styled(span)
    isActive={true}
    key="test-id-status-segment-0"
  >
    House
  </Styled(span)>
  <Styled(div)
    isActive={true}
    key="test-id-status-segment-1"
  />
  <Styled(span)
    isActive={true}
    key="test-id-status-segment-2"
  >
    Senate
  </Styled(span)>
  <Styled(div)
    isActive={false}
    key="test-id-status-segment-3"
  />
  <Styled(span)
    isActive={false}
    key="test-id-status-segment-4"
  >
    Governor
  </Styled(span)>
  <Styled(div)
    isActive={false}
    key="test-id-status-segment-5"
  />
</Styled(div)>
`;
